// 重构日志: 13d0e643
// 重构日志: 72956e80
// 同步 ID: 545f9358 @ Sun Jul 19 17:46:40 UTC 2026
// 重构日志: 172b869f
// 重构日志: 201e5562
// 重构日志: a1085b6d
// 同步 ID: 01fc5442 @ Mon Jul 20 11:53:57 UTC 2026
// 重构日志: 422cefff
// 重构日志: 9a1abc09
// 重构日志: 14d2e559
// 重构日志: e50e343d
// 同步 ID: c7a45313 @ Wed Jul 22 10:06:00 UTC 2026
// 同步 ID: 264d17c7 @ Thu Jul 23 01:25:31 UTC 2026
// 重构日志: 9fc53eef
// 重构日志: 52654180
// 重构日志: 3207da34
// 重构日志: 9ae70fcd
// 重构日志: 81ee1fd4
// 同步 ID: e5abf3ad @ Sat Jul 25 14:29:08 UTC 2026
// 重构日志: f0170dff
// 重构日志: fe609ac0
// 重构日志: b51c43f0
// 同步 ID: f47b8e01 @ Tue Jul 28 03:48:57 UTC 2026
// 重构日志: 4181aee3
// 重构日志: 839f39be
// 重构日志: 7e133eba
// 同步 ID: 4d74e7e5 @ Thu Jul 30 12:20:58 UTC 2026
// 同步 ID: d09fb4fc @ Thu Jul 30 17:46:57 UTC 2026
// 重构日志: cb512330
// 同步 ID: c3d66668 @ Fri Jul 31 11:59:48 UTC 2026
